
ROM used: 1572 (2%)
          1572 (2%) including unused fragments

          2 Average locations per line
          10 Average locations per statement

RAM used: 57 (1%) at main() level
          105 (3%) worst case

Stack used: 4 worst case (out of 30 total available)

Lines Stmts  %   Files
----- ----- ---  -----
  241   163 100  main.c
  435     0   0  ..\..\..\..\..\PROGRA~1\PICC\devices\18f4620.h
  120     0   0  header.h
   64     0   0  cc1101.h
----- -----
  860   163 Total

Page ROM  %  RAM   Vol Diff  Functions:
---- --- --- ---   --- ----  ----------
0     40   1   1             @delay_ms1
0    200   6   2   786  7.2  RDA_isr
0    692  22   2  3341 11.4  MAIN
0     42   1   0   183  3.1  Blink
0    248   8  48   907  5.3  CCBurstConfig
0    106   3   0   364  2.8  CheckStatus
0     36   1   0   113  2.1  CalibrationRoutine
0     20   1   1    59  1.2  SendStrobe
0     34   1   3   106  2.3  SetRegister

Program metrics:
    Functions               8
    Statements              163
    Comments                154
    Volume (V)              7833
    Difficilty (D)          36.0
    Effort to implement (E) 282067
    Time to implement (T)   4 hours, 21 minutes
    Est Delivered Bugs (B)  1
    Cyclomatic Complexity   29
    Maintainability (MI)    110

 Segment     Used  Free
-----------  ----  ----
00000-00002     4  0  
00004-00006     0  4  
00008-0009C   150  0  
0009E-0FFFE  1418  63960  



